// Jest Snapshot v1, https://goo.gl/fbAQLP

exports[`matches snapshot 1`] = `<DocumentFragment />`;

exports[`matches snapshot w/ no user logged in 1`] = `<DocumentFragment />`;
