// Jest Snapshot v1, https://goo.gl/fbAQLP

exports[`matches snapshot 1`] = `
<DocumentFragment>
  <div
    class="makeStyles-photos-3"
  >
    <ul
      class="MuiImageList-root makeStyles-imageList-4"
      style="margin: -2px;"
    />
  </div>
</DocumentFragment>
`;
